

================================================================
== Vivado HLS Report for 'madd'
================================================================
* Date:           Tue Feb 12 11:04:27 2019

* Version:        2018.2 (Build 2258646 on Thu Jun 14 20:25:20 MDT 2018)
* Project:        madd
* Solution:       solution
* Product family: zynq
* Target device:  xc7z020clg484-1


================================================================
== Performance Estimates
================================================================
+ Timing (ns): 
    * Summary: 
    +--------+-------+----------+------------+
    |  Clock | Target| Estimated| Uncertainty|
    +--------+-------+----------+------------+
    |ap_clk  |  10.00|     7.256|        2.70|
    +--------+-------+----------+------------+

+ Latency (clock cycles): 
    * Summary: 
    +------+------+------+------+---------+
    |   Latency   |   Interval  | Pipeline|
    |  min |  max |  min |  max |   Type  |
    +------+------+------+------+---------+
    |  8257|  8257|  8257|  8257|   none  |
    +------+------+------+------+---------+

    + Detail: 
        * Instance: 
        N/A

        * Loop: 
        +-------------+------+------+----------+-----------+-----------+------+----------+
        |             |   Latency   | Iteration|  Initiation Interval  | Trip |          |
        |  Loop Name  |  min |  max |  Latency |  achieved |   target  | Count| Pipelined|
        +-------------+------+------+----------+-----------+-----------+------+----------+
        |- Loop 1     |  8256|  8256|       258|          -|          -|    32|    no    |
        | + Loop 1.1  |   256|   256|         8|          -|          -|    32|    no    |
        +-------------+------+------+----------+-----------+-----------+------+----------+

============================================================
+ Verbose Summary: Synthesis Manager
============================================================
InlineROM: 1
ExposeGlobal: 0
============================================================
+ Verbose Summary: CDFG Model
============================================================
IsTopModel: 1
ResetActiveHigh: 1
IsCombinational: 0
IsDatapathOnly: 0
HasWiredReturn: 1
HasMFsm: 0
HasVarLatency: 1
IsPipeline: 0
IsRtlPipelined: 0
IsInstanceOverlapped: 0
IsDontTouch: 0
HasImplIP: 0
IsGatedGlobalClock: 0


============================================================
+ Verbose Summary: Schedule
============================================================
* Number of FSM states : 10
* Pipeline : 0
* Dataflow Pipeline: 0

* FSM state transitions: 
1 --> 
	2  / true
2 --> 
	3  / (!exitcond1)
3 --> 
	4  / (!exitcond)
	2  / (exitcond)
4 --> 
	5  / true
5 --> 
	6  / true
6 --> 
	7  / true
7 --> 
	8  / true
8 --> 
	9  / true
9 --> 
	10  / true
10 --> 
	3  / true

* FSM state operations: 

State 1 <SV = 0> <Delay = 1.76>
ST_1 : Operation 11 [1/1] (0.00ns)   --->   "call void (...)* @_ssdm_op_SpecBitsMap([1024 x float]* %A) nounwind, !map !7"   --->   Operation 11 'specbitsmap' <Predicate = true> <Delay = 0.00>
ST_1 : Operation 12 [1/1] (0.00ns)   --->   "call void (...)* @_ssdm_op_SpecBitsMap([1024 x float]* %B) nounwind, !map !13"   --->   Operation 12 'specbitsmap' <Predicate = true> <Delay = 0.00>
ST_1 : Operation 13 [1/1] (0.00ns)   --->   "call void (...)* @_ssdm_op_SpecBitsMap([1024 x float]* %C) nounwind, !map !17"   --->   Operation 13 'specbitsmap' <Predicate = true> <Delay = 0.00>
ST_1 : Operation 14 [1/1] (0.00ns)   --->   "call void (...)* @_ssdm_op_SpecTopModule([5 x i8]* @madd_str) nounwind"   --->   Operation 14 'spectopmodule' <Predicate = true> <Delay = 0.00>
ST_1 : Operation 15 [1/1] (0.00ns)   --->   "call void (...)* @_ssdm_op_SpecInterface([1024 x float]* %A, [5 x i8]* @p_str, i32 0, i32 0, [1 x i8]* @p_str1, i32 0, i32 0, [1 x i8]* @p_str1, [1 x i8]* @p_str1, [1 x i8]* @p_str1, i32 0, i32 0, i32 0, i32 0, [1 x i8]* @p_str1, [1 x i8]* @p_str1) nounwind"   --->   Operation 15 'specinterface' <Predicate = true> <Delay = 0.00>
ST_1 : Operation 16 [1/1] (0.00ns)   --->   "call void (...)* @_ssdm_op_SpecInterface([1024 x float]* %B, [5 x i8]* @p_str, i32 0, i32 0, [1 x i8]* @p_str1, i32 0, i32 0, [1 x i8]* @p_str1, [1 x i8]* @p_str1, [1 x i8]* @p_str1, i32 0, i32 0, i32 0, i32 0, [1 x i8]* @p_str1, [1 x i8]* @p_str1) nounwind"   --->   Operation 16 'specinterface' <Predicate = true> <Delay = 0.00>
ST_1 : Operation 17 [1/1] (0.00ns)   --->   "call void (...)* @_ssdm_op_SpecInterface([1024 x float]* %C, [5 x i8]* @p_str, i32 0, i32 0, [1 x i8]* @p_str1, i32 0, i32 0, [1 x i8]* @p_str1, [1 x i8]* @p_str1, [1 x i8]* @p_str1, i32 0, i32 0, i32 0, i32 0, [1 x i8]* @p_str1, [1 x i8]* @p_str1) nounwind"   --->   Operation 17 'specinterface' <Predicate = true> <Delay = 0.00>
ST_1 : Operation 18 [1/1] (0.00ns)   --->   "call void (...)* @_ssdm_op_SpecLatency(i32 1, i32 65535, [1 x i8]* @p_str1) nounwind" [C:/Users/gd14470/sdsoc_workspace/lab1/src/madd.cpp:45]   --->   Operation 18 'speclatency' <Predicate = true> <Delay = 0.00>
ST_1 : Operation 19 [1/1] (0.00ns)   --->   "call void (...)* @_ssdm_op_SpecMemCore([1024 x float]* %A, [1 x i8]* @p_str1, [7 x i8]* @p_str2, [1 x i8]* @p_str1, i32 -1, [1 x i8]* @p_str1, [1 x i8]* @p_str1, [1 x i8]* @p_str1, [1 x i8]* @p_str1, [1 x i8]* @p_str1) nounwind"   --->   Operation 19 'specmemcore' <Predicate = true> <Delay = 0.00>
ST_1 : Operation 20 [1/1] (0.00ns)   --->   "call void (...)* @_ssdm_op_SpecMemCore([1024 x float]* %B, [1 x i8]* @p_str1, [7 x i8]* @p_str2, [1 x i8]* @p_str1, i32 -1, [1 x i8]* @p_str1, [1 x i8]* @p_str1, [1 x i8]* @p_str1, [1 x i8]* @p_str1, [1 x i8]* @p_str1) nounwind"   --->   Operation 20 'specmemcore' <Predicate = true> <Delay = 0.00>
ST_1 : Operation 21 [1/1] (0.00ns)   --->   "call void (...)* @_ssdm_op_SpecMemCore([1024 x float]* %C, [1 x i8]* @p_str1, [7 x i8]* @p_str2, [1 x i8]* @p_str1, i32 -1, [1 x i8]* @p_str1, [1 x i8]* @p_str1, [1 x i8]* @p_str1, [1 x i8]* @p_str1, [1 x i8]* @p_str1) nounwind"   --->   Operation 21 'specmemcore' <Predicate = true> <Delay = 0.00>
ST_1 : Operation 22 [1/1] (1.76ns)   --->   "br label %.loopexit" [C:/Users/gd14470/sdsoc_workspace/lab1/src/madd.cpp:47]   --->   Operation 22 'br' <Predicate = true> <Delay = 1.76>

State 2 <SV = 1> <Delay = 1.82>
ST_2 : Operation 23 [1/1] (0.00ns)   --->   "%i = phi i6 [ 0, %0 ], [ %i_1, %.loopexit.loopexit ]"   --->   Operation 23 'phi' 'i' <Predicate = true> <Delay = 0.00>
ST_2 : Operation 24 [1/1] (1.42ns)   --->   "%exitcond1 = icmp eq i6 %i, -32" [C:/Users/gd14470/sdsoc_workspace/lab1/src/madd.cpp:47]   --->   Operation 24 'icmp' 'exitcond1' <Predicate = true> <Delay = 1.42> <Core = "Cmp">   --->   Core 25 'Cmp' <Latency = 0> <II = 1> <Delay = 1.42> <FuncUnit> <Opcode : 'icmp'> <InPorts = 2> <OutPorts = 1>
ST_2 : Operation 25 [1/1] (0.00ns)   --->   "%empty = call i32 (...)* @_ssdm_op_SpecLoopTripCount(i64 32, i64 32, i64 32) nounwind"   --->   Operation 25 'speclooptripcount' 'empty' <Predicate = true> <Delay = 0.00>
ST_2 : Operation 26 [1/1] (1.82ns)   --->   "%i_1 = add i6 %i, 1" [C:/Users/gd14470/sdsoc_workspace/lab1/src/madd.cpp:47]   --->   Operation 26 'add' 'i_1' <Predicate = true> <Delay = 1.82> <Core = "AddSub">   --->   Core 14 'AddSub' <Latency = 0> <II = 1> <Delay = 1.73> <FuncUnit> <Opcode : 'add' 'sub'> <InPorts = 2> <OutPorts = 1>
ST_2 : Operation 27 [1/1] (0.00ns)   --->   "br i1 %exitcond1, label %2, label %.preheader.preheader" [C:/Users/gd14470/sdsoc_workspace/lab1/src/madd.cpp:47]   --->   Operation 27 'br' <Predicate = true> <Delay = 0.00>
ST_2 : Operation 28 [1/1] (0.00ns)   --->   "%tmp_1 = trunc i6 %i to i5" [C:/Users/gd14470/sdsoc_workspace/lab1/src/madd.cpp:47]   --->   Operation 28 'trunc' 'tmp_1' <Predicate = (!exitcond1)> <Delay = 0.00>
ST_2 : Operation 29 [1/1] (0.00ns)   --->   "%tmp = call i10 @_ssdm_op_BitConcatenate.i10.i5.i5(i5 %tmp_1, i5 0)" [C:/Users/gd14470/sdsoc_workspace/lab1/src/madd.cpp:50]   --->   Operation 29 'bitconcatenate' 'tmp' <Predicate = (!exitcond1)> <Delay = 0.00>
ST_2 : Operation 30 [1/1] (1.76ns)   --->   "br label %.preheader" [C:/Users/gd14470/sdsoc_workspace/lab1/src/madd.cpp:48]   --->   Operation 30 'br' <Predicate = (!exitcond1)> <Delay = 1.76>
ST_2 : Operation 31 [1/1] (0.00ns)   --->   "ret void" [C:/Users/gd14470/sdsoc_workspace/lab1/src/madd.cpp:52]   --->   Operation 31 'ret' <Predicate = (exitcond1)> <Delay = 0.00>

State 3 <SV = 2> <Delay = 4.29>
ST_3 : Operation 32 [1/1] (0.00ns)   --->   "%j = phi i6 [ %j_1, %1 ], [ 0, %.preheader.preheader ]"   --->   Operation 32 'phi' 'j' <Predicate = true> <Delay = 0.00>
ST_3 : Operation 33 [1/1] (0.00ns)   --->   "%j_cast1 = zext i6 %j to i10" [C:/Users/gd14470/sdsoc_workspace/lab1/src/madd.cpp:48]   --->   Operation 33 'zext' 'j_cast1' <Predicate = true> <Delay = 0.00>
ST_3 : Operation 34 [1/1] (1.42ns)   --->   "%exitcond = icmp eq i6 %j, -32" [C:/Users/gd14470/sdsoc_workspace/lab1/src/madd.cpp:48]   --->   Operation 34 'icmp' 'exitcond' <Predicate = true> <Delay = 1.42> <Core = "Cmp">   --->   Core 25 'Cmp' <Latency = 0> <II = 1> <Delay = 1.42> <FuncUnit> <Opcode : 'icmp'> <InPorts = 2> <OutPorts = 1>
ST_3 : Operation 35 [1/1] (0.00ns)   --->   "%empty_2 = call i32 (...)* @_ssdm_op_SpecLoopTripCount(i64 32, i64 32, i64 32) nounwind"   --->   Operation 35 'speclooptripcount' 'empty_2' <Predicate = true> <Delay = 0.00>
ST_3 : Operation 36 [1/1] (1.82ns)   --->   "%j_1 = add i6 %j, 1" [C:/Users/gd14470/sdsoc_workspace/lab1/src/madd.cpp:48]   --->   Operation 36 'add' 'j_1' <Predicate = true> <Delay = 1.82> <Core = "AddSub">   --->   Core 14 'AddSub' <Latency = 0> <II = 1> <Delay = 1.73> <FuncUnit> <Opcode : 'add' 'sub'> <InPorts = 2> <OutPorts = 1>
ST_3 : Operation 37 [1/1] (0.00ns)   --->   "br i1 %exitcond, label %.loopexit.loopexit, label %1" [C:/Users/gd14470/sdsoc_workspace/lab1/src/madd.cpp:48]   --->   Operation 37 'br' <Predicate = true> <Delay = 0.00>
ST_3 : Operation 38 [1/1] (1.73ns)   --->   "%sum = add i10 %j_cast1, %tmp" [C:/Users/gd14470/sdsoc_workspace/lab1/src/madd.cpp:48]   --->   Operation 38 'add' 'sum' <Predicate = (!exitcond)> <Delay = 1.73> <Core = "AddSub">   --->   Core 14 'AddSub' <Latency = 0> <II = 1> <Delay = 1.73> <FuncUnit> <Opcode : 'add' 'sub'> <InPorts = 2> <OutPorts = 1>
ST_3 : Operation 39 [1/1] (0.00ns)   --->   "%sum_cast = zext i10 %sum to i32" [C:/Users/gd14470/sdsoc_workspace/lab1/src/madd.cpp:48]   --->   Operation 39 'zext' 'sum_cast' <Predicate = (!exitcond)> <Delay = 0.00>
ST_3 : Operation 40 [1/1] (0.00ns)   --->   "%A_addr = getelementptr [1024 x float]* %A, i32 0, i32 %sum_cast" [C:/Users/gd14470/sdsoc_workspace/lab1/src/madd.cpp:50]   --->   Operation 40 'getelementptr' 'A_addr' <Predicate = (!exitcond)> <Delay = 0.00>
ST_3 : Operation 41 [2/2] (2.56ns)   --->   "%A_load = load float* %A_addr, align 4" [C:/Users/gd14470/sdsoc_workspace/lab1/src/madd.cpp:50]   --->   Operation 41 'load' 'A_load' <Predicate = (!exitcond)> <Delay = 2.56> <Core = "RAM_1P">   --->   Core 42 'RAM_1P' <Latency = 1> <II = 1> <Delay = 2.56> <Storage> <Opcode : 'load' 'store'> <Ports = 1> <Width = 32> <Depth = 1024> <RAM>
ST_3 : Operation 42 [1/1] (0.00ns)   --->   "%B_addr = getelementptr [1024 x float]* %B, i32 0, i32 %sum_cast" [C:/Users/gd14470/sdsoc_workspace/lab1/src/madd.cpp:50]   --->   Operation 42 'getelementptr' 'B_addr' <Predicate = (!exitcond)> <Delay = 0.00>
ST_3 : Operation 43 [2/2] (2.56ns)   --->   "%B_load = load float* %B_addr, align 4" [C:/Users/gd14470/sdsoc_workspace/lab1/src/madd.cpp:50]   --->   Operation 43 'load' 'B_load' <Predicate = (!exitcond)> <Delay = 2.56> <Core = "RAM_1P">   --->   Core 42 'RAM_1P' <Latency = 1> <II = 1> <Delay = 2.56> <Storage> <Opcode : 'load' 'store'> <Ports = 1> <Width = 32> <Depth = 1024> <RAM>
ST_3 : Operation 44 [1/1] (0.00ns)   --->   "br label %.loopexit"   --->   Operation 44 'br' <Predicate = (exitcond)> <Delay = 0.00>

State 4 <SV = 3> <Delay = 2.56>
ST_4 : Operation 45 [1/2] (2.56ns)   --->   "%A_load = load float* %A_addr, align 4" [C:/Users/gd14470/sdsoc_workspace/lab1/src/madd.cpp:50]   --->   Operation 45 'load' 'A_load' <Predicate = true> <Delay = 2.56> <Core = "RAM_1P">   --->   Core 42 'RAM_1P' <Latency = 1> <II = 1> <Delay = 2.56> <Storage> <Opcode : 'load' 'store'> <Ports = 1> <Width = 32> <Depth = 1024> <RAM>
ST_4 : Operation 46 [1/2] (2.56ns)   --->   "%B_load = load float* %B_addr, align 4" [C:/Users/gd14470/sdsoc_workspace/lab1/src/madd.cpp:50]   --->   Operation 46 'load' 'B_load' <Predicate = true> <Delay = 2.56> <Core = "RAM_1P">   --->   Core 42 'RAM_1P' <Latency = 1> <II = 1> <Delay = 2.56> <Storage> <Opcode : 'load' 'store'> <Ports = 1> <Width = 32> <Depth = 1024> <RAM>

State 5 <SV = 4> <Delay = 7.25>
ST_5 : Operation 47 [5/5] (7.25ns)   --->   "%tmp_3 = fadd float %A_load, %B_load" [C:/Users/gd14470/sdsoc_workspace/lab1/src/madd.cpp:50]   --->   Operation 47 'fadd' 'tmp_3' <Predicate = true> <Delay = 7.25> <Core = "FAddSub">   --->   Core 99 'FAddSub' <Latency = 4> <II = 1> <Delay = 7.25> <FuncUnit> <Opcode : 'fadd' 'fsub'> <InPorts = 2> <OutPorts = 1>

State 6 <SV = 5> <Delay = 7.25>
ST_6 : Operation 48 [4/5] (7.25ns)   --->   "%tmp_3 = fadd float %A_load, %B_load" [C:/Users/gd14470/sdsoc_workspace/lab1/src/madd.cpp:50]   --->   Operation 48 'fadd' 'tmp_3' <Predicate = true> <Delay = 7.25> <Core = "FAddSub">   --->   Core 99 'FAddSub' <Latency = 4> <II = 1> <Delay = 7.25> <FuncUnit> <Opcode : 'fadd' 'fsub'> <InPorts = 2> <OutPorts = 1>

State 7 <SV = 6> <Delay = 7.25>
ST_7 : Operation 49 [3/5] (7.25ns)   --->   "%tmp_3 = fadd float %A_load, %B_load" [C:/Users/gd14470/sdsoc_workspace/lab1/src/madd.cpp:50]   --->   Operation 49 'fadd' 'tmp_3' <Predicate = true> <Delay = 7.25> <Core = "FAddSub">   --->   Core 99 'FAddSub' <Latency = 4> <II = 1> <Delay = 7.25> <FuncUnit> <Opcode : 'fadd' 'fsub'> <InPorts = 2> <OutPorts = 1>

State 8 <SV = 7> <Delay = 7.25>
ST_8 : Operation 50 [2/5] (7.25ns)   --->   "%tmp_3 = fadd float %A_load, %B_load" [C:/Users/gd14470/sdsoc_workspace/lab1/src/madd.cpp:50]   --->   Operation 50 'fadd' 'tmp_3' <Predicate = true> <Delay = 7.25> <Core = "FAddSub">   --->   Core 99 'FAddSub' <Latency = 4> <II = 1> <Delay = 7.25> <FuncUnit> <Opcode : 'fadd' 'fsub'> <InPorts = 2> <OutPorts = 1>

State 9 <SV = 8> <Delay = 7.25>
ST_9 : Operation 51 [1/5] (7.25ns)   --->   "%tmp_3 = fadd float %A_load, %B_load" [C:/Users/gd14470/sdsoc_workspace/lab1/src/madd.cpp:50]   --->   Operation 51 'fadd' 'tmp_3' <Predicate = true> <Delay = 7.25> <Core = "FAddSub">   --->   Core 99 'FAddSub' <Latency = 4> <II = 1> <Delay = 7.25> <FuncUnit> <Opcode : 'fadd' 'fsub'> <InPorts = 2> <OutPorts = 1>

State 10 <SV = 9> <Delay = 2.56>
ST_10 : Operation 52 [1/1] (0.00ns)   --->   "%C_addr = getelementptr [1024 x float]* %C, i32 0, i32 %sum_cast" [C:/Users/gd14470/sdsoc_workspace/lab1/src/madd.cpp:50]   --->   Operation 52 'getelementptr' 'C_addr' <Predicate = true> <Delay = 0.00>
ST_10 : Operation 53 [1/1] (2.56ns)   --->   "store float %tmp_3, float* %C_addr, align 4" [C:/Users/gd14470/sdsoc_workspace/lab1/src/madd.cpp:50]   --->   Operation 53 'store' <Predicate = true> <Delay = 2.56> <Core = "RAM_1P">   --->   Core 42 'RAM_1P' <Latency = 1> <II = 1> <Delay = 2.56> <Storage> <Opcode : 'load' 'store'> <Ports = 1> <Width = 32> <Depth = 1024> <RAM>
ST_10 : Operation 54 [1/1] (0.00ns)   --->   "br label %.preheader" [C:/Users/gd14470/sdsoc_workspace/lab1/src/madd.cpp:48]   --->   Operation 54 'br' <Predicate = true> <Delay = 0.00>


============================================================
+ Verbose Summary: Timing violations
============================================================
Target clock period: 10ns, clock uncertainty: 2.7ns.

 <State 1>: 1.77ns
The critical path consists of the following:
	multiplexor before 'phi' operation ('i') with incoming values : ('i', C:/Users/gd14470/sdsoc_workspace/lab1/src/madd.cpp:47) [17]  (1.77 ns)

 <State 2>: 1.83ns
The critical path consists of the following:
	'phi' operation ('i') with incoming values : ('i', C:/Users/gd14470/sdsoc_workspace/lab1/src/madd.cpp:47) [17]  (0 ns)
	'add' operation ('i', C:/Users/gd14470/sdsoc_workspace/lab1/src/madd.cpp:47) [20]  (1.83 ns)

 <State 3>: 4.3ns
The critical path consists of the following:
	'phi' operation ('j') with incoming values : ('j', C:/Users/gd14470/sdsoc_workspace/lab1/src/madd.cpp:48) [27]  (0 ns)
	'add' operation ('sum', C:/Users/gd14470/sdsoc_workspace/lab1/src/madd.cpp:48) [34]  (1.73 ns)
	'getelementptr' operation ('B_addr', C:/Users/gd14470/sdsoc_workspace/lab1/src/madd.cpp:50) [38]  (0 ns)
	'load' operation ('B_load', C:/Users/gd14470/sdsoc_workspace/lab1/src/madd.cpp:50) on array 'B' [39]  (2.57 ns)

 <State 4>: 2.57ns
The critical path consists of the following:
	'load' operation ('A_load', C:/Users/gd14470/sdsoc_workspace/lab1/src/madd.cpp:50) on array 'A' [37]  (2.57 ns)

 <State 5>: 7.26ns
The critical path consists of the following:
	'fadd' operation ('tmp_3', C:/Users/gd14470/sdsoc_workspace/lab1/src/madd.cpp:50) [40]  (7.26 ns)

 <State 6>: 7.26ns
The critical path consists of the following:
	'fadd' operation ('tmp_3', C:/Users/gd14470/sdsoc_workspace/lab1/src/madd.cpp:50) [40]  (7.26 ns)

 <State 7>: 7.26ns
The critical path consists of the following:
	'fadd' operation ('tmp_3', C:/Users/gd14470/sdsoc_workspace/lab1/src/madd.cpp:50) [40]  (7.26 ns)

 <State 8>: 7.26ns
The critical path consists of the following:
	'fadd' operation ('tmp_3', C:/Users/gd14470/sdsoc_workspace/lab1/src/madd.cpp:50) [40]  (7.26 ns)

 <State 9>: 7.26ns
The critical path consists of the following:
	'fadd' operation ('tmp_3', C:/Users/gd14470/sdsoc_workspace/lab1/src/madd.cpp:50) [40]  (7.26 ns)

 <State 10>: 2.57ns
The critical path consists of the following:
	'getelementptr' operation ('C_addr', C:/Users/gd14470/sdsoc_workspace/lab1/src/madd.cpp:50) [41]  (0 ns)
	'store' operation (C:/Users/gd14470/sdsoc_workspace/lab1/src/madd.cpp:50) of variable 'tmp_3', C:/Users/gd14470/sdsoc_workspace/lab1/src/madd.cpp:50 on array 'C' [42]  (2.57 ns)


============================================================
+ Verbose Summary: Binding
============================================================
N/A
* FSMD analyzer results:
  - Output states:
 - Input state : 
  - Chain level:
	State 1
	State 2
	State 3
	State 4
	State 5
	State 6
	State 7
	State 8
	State 9
	State 10


============================================================
+ Verbose Summary: Datapath Resource usage 
============================================================
N/A
